// Vitest Snapshot v1, https://vitest.dev/guide/snapshot.html

exports[`generate_clues > generates all clues > adj clues 1`] = `
[
  AdjacentClue {
    "subscribe": [Function],
    "subscribers": [],
    "tiles": [
      [
        0,
        0,
      ],
      [
        0,
        1,
      ],
    ],
    "type": 2,
    "valid": false,
  },
  AdjacentClue {
    "subscribe": [Function],
    "subscribers": [],
    "tiles": [
      [
        0,
        0,
      ],
      [
        1,
        1,
      ],
    ],
    "type": 2,
    "valid": false,
  },
  AdjacentClue {
    "subscribe": [Function],
    "subscribers": [],
    "tiles": [
      [
        0,
        0,
      ],
      [
        2,
        1,
      ],
    ],
    "type": 2,
    "valid": false,
  },
  AdjacentClue {
    "subscribe": [Function],
    "subscribers": [],
    "tiles": [
      [
        0,
        1,
      ],
      [
        0,
        2,
      ],
    ],
    "type": 2,
    "valid": false,
  },
  AdjacentClue {
    "subscribe": [Function],
    "subscribers": [],
    "tiles": [
      [
        0,
        1,
      ],
      [
        1,
        2,
      ],
    ],
    "type": 2,
    "valid": false,
  },
  AdjacentClue {
    "subscribe": [Function],
    "subscribers": [],
    "tiles": [
      [
        0,
        1,
      ],
      [
        2,
        2,
      ],
    ],
    "type": 2,
    "valid": false,
  },
  AdjacentClue {
    "subscribe": [Function],
    "subscribers": [],
    "tiles": [
      [
        1,
        0,
      ],
      [
        0,
        1,
      ],
    ],
    "type": 2,
    "valid": false,
  },
  AdjacentClue {
    "subscribe": [Function],
    "subscribers": [],
    "tiles": [
      [
        1,
        0,
      ],
      [
        1,
        1,
      ],
    ],
    "type": 2,
    "valid": false,
  },
  AdjacentClue {
    "subscribe": [Function],
    "subscribers": [],
    "tiles": [
      [
        1,
        0,
      ],
      [
        2,
        1,
      ],
    ],
    "type": 2,
    "valid": false,
  },
  AdjacentClue {
    "subscribe": [Function],
    "subscribers": [],
    "tiles": [
      [
        1,
        1,
      ],
      [
        0,
        2,
      ],
    ],
    "type": 2,
    "valid": false,
  },
  AdjacentClue {
    "subscribe": [Function],
    "subscribers": [],
    "tiles": [
      [
        1,
        1,
      ],
      [
        1,
        2,
      ],
    ],
    "type": 2,
    "valid": false,
  },
  AdjacentClue {
    "subscribe": [Function],
    "subscribers": [],
    "tiles": [
      [
        1,
        1,
      ],
      [
        2,
        2,
      ],
    ],
    "type": 2,
    "valid": false,
  },
  AdjacentClue {
    "subscribe": [Function],
    "subscribers": [],
    "tiles": [
      [
        2,
        0,
      ],
      [
        0,
        1,
      ],
    ],
    "type": 2,
    "valid": false,
  },
  AdjacentClue {
    "subscribe": [Function],
    "subscribers": [],
    "tiles": [
      [
        2,
        0,
      ],
      [
        1,
        1,
      ],
    ],
    "type": 2,
    "valid": false,
  },
  AdjacentClue {
    "subscribe": [Function],
    "subscribers": [],
    "tiles": [
      [
        2,
        0,
      ],
      [
        2,
        1,
      ],
    ],
    "type": 2,
    "valid": false,
  },
  AdjacentClue {
    "subscribe": [Function],
    "subscribers": [],
    "tiles": [
      [
        2,
        1,
      ],
      [
        0,
        2,
      ],
    ],
    "type": 2,
    "valid": false,
  },
  AdjacentClue {
    "subscribe": [Function],
    "subscribers": [],
    "tiles": [
      [
        2,
        1,
      ],
      [
        1,
        2,
      ],
    ],
    "type": 2,
    "valid": false,
  },
  AdjacentClue {
    "subscribe": [Function],
    "subscribers": [],
    "tiles": [
      [
        2,
        1,
      ],
      [
        2,
        2,
      ],
    ],
    "type": 2,
    "valid": false,
  },
]
`;

exports[`generate_clues > generates all clues > before clues 1`] = `
[
  BeforeClue {
    "subscribe": [Function],
    "subscribers": [],
    "tiles": [
      [
        0,
        0,
      ],
      [
        0,
        1,
      ],
    ],
    "type": 3,
    "valid": false,
  },
  BeforeClue {
    "subscribe": [Function],
    "subscribers": [],
    "tiles": [
      [
        0,
        0,
      ],
      [
        0,
        2,
      ],
    ],
    "type": 3,
    "valid": false,
  },
  BeforeClue {
    "subscribe": [Function],
    "subscribers": [],
    "tiles": [
      [
        0,
        0,
      ],
      [
        1,
        1,
      ],
    ],
    "type": 3,
    "valid": false,
  },
  BeforeClue {
    "subscribe": [Function],
    "subscribers": [],
    "tiles": [
      [
        0,
        0,
      ],
      [
        1,
        2,
      ],
    ],
    "type": 3,
    "valid": false,
  },
  BeforeClue {
    "subscribe": [Function],
    "subscribers": [],
    "tiles": [
      [
        0,
        0,
      ],
      [
        2,
        1,
      ],
    ],
    "type": 3,
    "valid": false,
  },
  BeforeClue {
    "subscribe": [Function],
    "subscribers": [],
    "tiles": [
      [
        0,
        0,
      ],
      [
        2,
        2,
      ],
    ],
    "type": 3,
    "valid": false,
  },
  BeforeClue {
    "subscribe": [Function],
    "subscribers": [],
    "tiles": [
      [
        0,
        1,
      ],
      [
        0,
        2,
      ],
    ],
    "type": 3,
    "valid": false,
  },
  BeforeClue {
    "subscribe": [Function],
    "subscribers": [],
    "tiles": [
      [
        0,
        1,
      ],
      [
        1,
        2,
      ],
    ],
    "type": 3,
    "valid": false,
  },
  BeforeClue {
    "subscribe": [Function],
    "subscribers": [],
    "tiles": [
      [
        0,
        1,
      ],
      [
        2,
        2,
      ],
    ],
    "type": 3,
    "valid": false,
  },
  BeforeClue {
    "subscribe": [Function],
    "subscribers": [],
    "tiles": [
      [
        1,
        0,
      ],
      [
        0,
        1,
      ],
    ],
    "type": 3,
    "valid": false,
  },
  BeforeClue {
    "subscribe": [Function],
    "subscribers": [],
    "tiles": [
      [
        1,
        0,
      ],
      [
        0,
        2,
      ],
    ],
    "type": 3,
    "valid": false,
  },
  BeforeClue {
    "subscribe": [Function],
    "subscribers": [],
    "tiles": [
      [
        1,
        0,
      ],
      [
        1,
        1,
      ],
    ],
    "type": 3,
    "valid": false,
  },
  BeforeClue {
    "subscribe": [Function],
    "subscribers": [],
    "tiles": [
      [
        1,
        0,
      ],
      [
        1,
        2,
      ],
    ],
    "type": 3,
    "valid": false,
  },
  BeforeClue {
    "subscribe": [Function],
    "subscribers": [],
    "tiles": [
      [
        1,
        0,
      ],
      [
        2,
        1,
      ],
    ],
    "type": 3,
    "valid": false,
  },
  BeforeClue {
    "subscribe": [Function],
    "subscribers": [],
    "tiles": [
      [
        1,
        0,
      ],
      [
        2,
        2,
      ],
    ],
    "type": 3,
    "valid": false,
  },
  BeforeClue {
    "subscribe": [Function],
    "subscribers": [],
    "tiles": [
      [
        1,
        1,
      ],
      [
        0,
        2,
      ],
    ],
    "type": 3,
    "valid": false,
  },
  BeforeClue {
    "subscribe": [Function],
    "subscribers": [],
    "tiles": [
      [
        1,
        1,
      ],
      [
        1,
        2,
      ],
    ],
    "type": 3,
    "valid": false,
  },
  BeforeClue {
    "subscribe": [Function],
    "subscribers": [],
    "tiles": [
      [
        1,
        1,
      ],
      [
        2,
        2,
      ],
    ],
    "type": 3,
    "valid": false,
  },
  BeforeClue {
    "subscribe": [Function],
    "subscribers": [],
    "tiles": [
      [
        2,
        0,
      ],
      [
        0,
        1,
      ],
    ],
    "type": 3,
    "valid": false,
  },
  BeforeClue {
    "subscribe": [Function],
    "subscribers": [],
    "tiles": [
      [
        2,
        0,
      ],
      [
        0,
        2,
      ],
    ],
    "type": 3,
    "valid": false,
  },
  BeforeClue {
    "subscribe": [Function],
    "subscribers": [],
    "tiles": [
      [
        2,
        0,
      ],
      [
        1,
        1,
      ],
    ],
    "type": 3,
    "valid": false,
  },
  BeforeClue {
    "subscribe": [Function],
    "subscribers": [],
    "tiles": [
      [
        2,
        0,
      ],
      [
        1,
        2,
      ],
    ],
    "type": 3,
    "valid": false,
  },
  BeforeClue {
    "subscribe": [Function],
    "subscribers": [],
    "tiles": [
      [
        2,
        0,
      ],
      [
        2,
        1,
      ],
    ],
    "type": 3,
    "valid": false,
  },
  BeforeClue {
    "subscribe": [Function],
    "subscribers": [],
    "tiles": [
      [
        2,
        0,
      ],
      [
        2,
        2,
      ],
    ],
    "type": 3,
    "valid": false,
  },
  BeforeClue {
    "subscribe": [Function],
    "subscribers": [],
    "tiles": [
      [
        2,
        1,
      ],
      [
        0,
        2,
      ],
    ],
    "type": 3,
    "valid": false,
  },
  BeforeClue {
    "subscribe": [Function],
    "subscribers": [],
    "tiles": [
      [
        2,
        1,
      ],
      [
        1,
        2,
      ],
    ],
    "type": 3,
    "valid": false,
  },
  BeforeClue {
    "subscribe": [Function],
    "subscribers": [],
    "tiles": [
      [
        2,
        1,
      ],
      [
        2,
        2,
      ],
    ],
    "type": 3,
    "valid": false,
  },
]
`;

exports[`generate_clues > generates all clues > exact clues 1`] = `
[
  ExactClue {
    "col": 0,
    "subscribe": [Function],
    "subscribers": [],
    "tiles": [
      [
        0,
        0,
      ],
    ],
    "type": 0,
    "valid": false,
  },
  ExactClue {
    "col": 1,
    "subscribe": [Function],
    "subscribers": [],
    "tiles": [
      [
        0,
        1,
      ],
    ],
    "type": 0,
    "valid": false,
  },
  ExactClue {
    "col": 2,
    "subscribe": [Function],
    "subscribers": [],
    "tiles": [
      [
        0,
        2,
      ],
    ],
    "type": 0,
    "valid": false,
  },
  ExactClue {
    "col": 0,
    "subscribe": [Function],
    "subscribers": [],
    "tiles": [
      [
        1,
        0,
      ],
    ],
    "type": 0,
    "valid": false,
  },
  ExactClue {
    "col": 1,
    "subscribe": [Function],
    "subscribers": [],
    "tiles": [
      [
        1,
        1,
      ],
    ],
    "type": 0,
    "valid": false,
  },
  ExactClue {
    "col": 2,
    "subscribe": [Function],
    "subscribers": [],
    "tiles": [
      [
        1,
        2,
      ],
    ],
    "type": 0,
    "valid": false,
  },
  ExactClue {
    "col": 0,
    "subscribe": [Function],
    "subscribers": [],
    "tiles": [
      [
        2,
        0,
      ],
    ],
    "type": 0,
    "valid": false,
  },
  ExactClue {
    "col": 1,
    "subscribe": [Function],
    "subscribers": [],
    "tiles": [
      [
        2,
        1,
      ],
    ],
    "type": 0,
    "valid": false,
  },
  ExactClue {
    "col": 2,
    "subscribe": [Function],
    "subscribers": [],
    "tiles": [
      [
        2,
        2,
      ],
    ],
    "type": 0,
    "valid": false,
  },
]
`;

exports[`generate_clues > generates all clues > same clues 1`] = `
[
  SameClue {
    "subscribe": [Function],
    "subscribers": [],
    "tiles": [
      [
        0,
        0,
      ],
      [
        1,
        0,
      ],
    ],
    "type": 1,
    "valid": false,
  },
  SameClue {
    "subscribe": [Function],
    "subscribers": [],
    "tiles": [
      [
        0,
        0,
      ],
      [
        2,
        0,
      ],
    ],
    "type": 1,
    "valid": false,
  },
  SameClue {
    "subscribe": [Function],
    "subscribers": [],
    "tiles": [
      [
        0,
        1,
      ],
      [
        1,
        1,
      ],
    ],
    "type": 1,
    "valid": false,
  },
  SameClue {
    "subscribe": [Function],
    "subscribers": [],
    "tiles": [
      [
        0,
        1,
      ],
      [
        2,
        1,
      ],
    ],
    "type": 1,
    "valid": false,
  },
  SameClue {
    "subscribe": [Function],
    "subscribers": [],
    "tiles": [
      [
        0,
        2,
      ],
      [
        1,
        2,
      ],
    ],
    "type": 1,
    "valid": false,
  },
  SameClue {
    "subscribe": [Function],
    "subscribers": [],
    "tiles": [
      [
        0,
        2,
      ],
      [
        2,
        2,
      ],
    ],
    "type": 1,
    "valid": false,
  },
  SameClue {
    "subscribe": [Function],
    "subscribers": [],
    "tiles": [
      [
        1,
        0,
      ],
      [
        2,
        0,
      ],
    ],
    "type": 1,
    "valid": false,
  },
  SameClue {
    "subscribe": [Function],
    "subscribers": [],
    "tiles": [
      [
        1,
        1,
      ],
      [
        2,
        1,
      ],
    ],
    "type": 1,
    "valid": false,
  },
  SameClue {
    "subscribe": [Function],
    "subscribers": [],
    "tiles": [
      [
        1,
        2,
      ],
      [
        2,
        2,
      ],
    ],
    "type": 1,
    "valid": false,
  },
]
`;

exports[`generate_clues > generates all clues > sequential clues 1`] = `
[
  SequentialClue {
    "subscribe": [Function],
    "subscribers": [],
    "tiles": [
      [
        0,
        0,
      ],
      [
        0,
        1,
      ],
      [
        0,
        2,
      ],
    ],
    "type": 4,
    "valid": false,
  },
  SequentialClue {
    "subscribe": [Function],
    "subscribers": [],
    "tiles": [
      [
        0,
        0,
      ],
      [
        0,
        1,
      ],
      [
        1,
        2,
      ],
    ],
    "type": 4,
    "valid": false,
  },
  SequentialClue {
    "subscribe": [Function],
    "subscribers": [],
    "tiles": [
      [
        0,
        0,
      ],
      [
        0,
        1,
      ],
      [
        2,
        2,
      ],
    ],
    "type": 4,
    "valid": false,
  },
  SequentialClue {
    "subscribe": [Function],
    "subscribers": [],
    "tiles": [
      [
        1,
        0,
      ],
      [
        0,
        1,
      ],
      [
        0,
        2,
      ],
    ],
    "type": 4,
    "valid": false,
  },
  SequentialClue {
    "subscribe": [Function],
    "subscribers": [],
    "tiles": [
      [
        1,
        0,
      ],
      [
        0,
        1,
      ],
      [
        1,
        2,
      ],
    ],
    "type": 4,
    "valid": false,
  },
  SequentialClue {
    "subscribe": [Function],
    "subscribers": [],
    "tiles": [
      [
        1,
        0,
      ],
      [
        0,
        1,
      ],
      [
        2,
        2,
      ],
    ],
    "type": 4,
    "valid": false,
  },
  SequentialClue {
    "subscribe": [Function],
    "subscribers": [],
    "tiles": [
      [
        2,
        0,
      ],
      [
        0,
        1,
      ],
      [
        0,
        2,
      ],
    ],
    "type": 4,
    "valid": false,
  },
  SequentialClue {
    "subscribe": [Function],
    "subscribers": [],
    "tiles": [
      [
        2,
        0,
      ],
      [
        0,
        1,
      ],
      [
        1,
        2,
      ],
    ],
    "type": 4,
    "valid": false,
  },
  SequentialClue {
    "subscribe": [Function],
    "subscribers": [],
    "tiles": [
      [
        2,
        0,
      ],
      [
        0,
        1,
      ],
      [
        2,
        2,
      ],
    ],
    "type": 4,
    "valid": false,
  },
  SequentialClue {
    "subscribe": [Function],
    "subscribers": [],
    "tiles": [
      [
        0,
        0,
      ],
      [
        1,
        1,
      ],
      [
        0,
        2,
      ],
    ],
    "type": 4,
    "valid": false,
  },
  SequentialClue {
    "subscribe": [Function],
    "subscribers": [],
    "tiles": [
      [
        0,
        0,
      ],
      [
        1,
        1,
      ],
      [
        1,
        2,
      ],
    ],
    "type": 4,
    "valid": false,
  },
  SequentialClue {
    "subscribe": [Function],
    "subscribers": [],
    "tiles": [
      [
        0,
        0,
      ],
      [
        1,
        1,
      ],
      [
        2,
        2,
      ],
    ],
    "type": 4,
    "valid": false,
  },
  SequentialClue {
    "subscribe": [Function],
    "subscribers": [],
    "tiles": [
      [
        1,
        0,
      ],
      [
        1,
        1,
      ],
      [
        0,
        2,
      ],
    ],
    "type": 4,
    "valid": false,
  },
  SequentialClue {
    "subscribe": [Function],
    "subscribers": [],
    "tiles": [
      [
        1,
        0,
      ],
      [
        1,
        1,
      ],
      [
        1,
        2,
      ],
    ],
    "type": 4,
    "valid": false,
  },
  SequentialClue {
    "subscribe": [Function],
    "subscribers": [],
    "tiles": [
      [
        1,
        0,
      ],
      [
        1,
        1,
      ],
      [
        2,
        2,
      ],
    ],
    "type": 4,
    "valid": false,
  },
  SequentialClue {
    "subscribe": [Function],
    "subscribers": [],
    "tiles": [
      [
        2,
        0,
      ],
      [
        1,
        1,
      ],
      [
        0,
        2,
      ],
    ],
    "type": 4,
    "valid": false,
  },
  SequentialClue {
    "subscribe": [Function],
    "subscribers": [],
    "tiles": [
      [
        2,
        0,
      ],
      [
        1,
        1,
      ],
      [
        1,
        2,
      ],
    ],
    "type": 4,
    "valid": false,
  },
  SequentialClue {
    "subscribe": [Function],
    "subscribers": [],
    "tiles": [
      [
        2,
        0,
      ],
      [
        1,
        1,
      ],
      [
        2,
        2,
      ],
    ],
    "type": 4,
    "valid": false,
  },
  SequentialClue {
    "subscribe": [Function],
    "subscribers": [],
    "tiles": [
      [
        0,
        0,
      ],
      [
        2,
        1,
      ],
      [
        0,
        2,
      ],
    ],
    "type": 4,
    "valid": false,
  },
  SequentialClue {
    "subscribe": [Function],
    "subscribers": [],
    "tiles": [
      [
        0,
        0,
      ],
      [
        2,
        1,
      ],
      [
        1,
        2,
      ],
    ],
    "type": 4,
    "valid": false,
  },
  SequentialClue {
    "subscribe": [Function],
    "subscribers": [],
    "tiles": [
      [
        0,
        0,
      ],
      [
        2,
        1,
      ],
      [
        2,
        2,
      ],
    ],
    "type": 4,
    "valid": false,
  },
  SequentialClue {
    "subscribe": [Function],
    "subscribers": [],
    "tiles": [
      [
        1,
        0,
      ],
      [
        2,
        1,
      ],
      [
        0,
        2,
      ],
    ],
    "type": 4,
    "valid": false,
  },
  SequentialClue {
    "subscribe": [Function],
    "subscribers": [],
    "tiles": [
      [
        1,
        0,
      ],
      [
        2,
        1,
      ],
      [
        1,
        2,
      ],
    ],
    "type": 4,
    "valid": false,
  },
  SequentialClue {
    "subscribe": [Function],
    "subscribers": [],
    "tiles": [
      [
        1,
        0,
      ],
      [
        2,
        1,
      ],
      [
        2,
        2,
      ],
    ],
    "type": 4,
    "valid": false,
  },
  SequentialClue {
    "subscribe": [Function],
    "subscribers": [],
    "tiles": [
      [
        2,
        0,
      ],
      [
        2,
        1,
      ],
      [
        0,
        2,
      ],
    ],
    "type": 4,
    "valid": false,
  },
  SequentialClue {
    "subscribe": [Function],
    "subscribers": [],
    "tiles": [
      [
        2,
        0,
      ],
      [
        2,
        1,
      ],
      [
        1,
        2,
      ],
    ],
    "type": 4,
    "valid": false,
  },
  SequentialClue {
    "subscribe": [Function],
    "subscribers": [],
    "tiles": [
      [
        2,
        0,
      ],
      [
        2,
        1,
      ],
      [
        2,
        2,
      ],
    ],
    "type": 4,
    "valid": false,
  },
]
`;
