// Vitest Snapshot v1, https://vitest.dev/guide/snapshot.html

exports[`generate_clues > generates all clues > adj clues 1`] = `
[
  {
    "tiles": [
      [
        0,
        0,
      ],
      [
        0,
        1,
      ],
    ],
    "type": 2,
  },
  {
    "tiles": [
      [
        0,
        0,
      ],
      [
        1,
        1,
      ],
    ],
    "type": 2,
  },
  {
    "tiles": [
      [
        0,
        0,
      ],
      [
        2,
        1,
      ],
    ],
    "type": 2,
  },
  {
    "tiles": [
      [
        0,
        1,
      ],
      [
        0,
        2,
      ],
    ],
    "type": 2,
  },
  {
    "tiles": [
      [
        0,
        1,
      ],
      [
        1,
        2,
      ],
    ],
    "type": 2,
  },
  {
    "tiles": [
      [
        0,
        1,
      ],
      [
        2,
        2,
      ],
    ],
    "type": 2,
  },
  {
    "tiles": [
      [
        1,
        0,
      ],
      [
        0,
        1,
      ],
    ],
    "type": 2,
  },
  {
    "tiles": [
      [
        1,
        0,
      ],
      [
        1,
        1,
      ],
    ],
    "type": 2,
  },
  {
    "tiles": [
      [
        1,
        0,
      ],
      [
        2,
        1,
      ],
    ],
    "type": 2,
  },
  {
    "tiles": [
      [
        1,
        1,
      ],
      [
        0,
        2,
      ],
    ],
    "type": 2,
  },
  {
    "tiles": [
      [
        1,
        1,
      ],
      [
        1,
        2,
      ],
    ],
    "type": 2,
  },
  {
    "tiles": [
      [
        1,
        1,
      ],
      [
        2,
        2,
      ],
    ],
    "type": 2,
  },
  {
    "tiles": [
      [
        2,
        0,
      ],
      [
        0,
        1,
      ],
    ],
    "type": 2,
  },
  {
    "tiles": [
      [
        2,
        0,
      ],
      [
        1,
        1,
      ],
    ],
    "type": 2,
  },
  {
    "tiles": [
      [
        2,
        0,
      ],
      [
        2,
        1,
      ],
    ],
    "type": 2,
  },
  {
    "tiles": [
      [
        2,
        1,
      ],
      [
        0,
        2,
      ],
    ],
    "type": 2,
  },
  {
    "tiles": [
      [
        2,
        1,
      ],
      [
        1,
        2,
      ],
    ],
    "type": 2,
  },
  {
    "tiles": [
      [
        2,
        1,
      ],
      [
        2,
        2,
      ],
    ],
    "type": 2,
  },
]
`;

exports[`generate_clues > generates all clues > before clues 1`] = `
[
  {
    "tiles": [
      [
        0,
        0,
      ],
      [
        0,
        1,
      ],
    ],
    "type": 3,
  },
  {
    "tiles": [
      [
        0,
        0,
      ],
      [
        0,
        2,
      ],
    ],
    "type": 3,
  },
  {
    "tiles": [
      [
        0,
        0,
      ],
      [
        1,
        1,
      ],
    ],
    "type": 3,
  },
  {
    "tiles": [
      [
        0,
        0,
      ],
      [
        1,
        2,
      ],
    ],
    "type": 3,
  },
  {
    "tiles": [
      [
        0,
        0,
      ],
      [
        2,
        1,
      ],
    ],
    "type": 3,
  },
  {
    "tiles": [
      [
        0,
        0,
      ],
      [
        2,
        2,
      ],
    ],
    "type": 3,
  },
  {
    "tiles": [
      [
        0,
        1,
      ],
      [
        0,
        2,
      ],
    ],
    "type": 3,
  },
  {
    "tiles": [
      [
        0,
        1,
      ],
      [
        1,
        2,
      ],
    ],
    "type": 3,
  },
  {
    "tiles": [
      [
        0,
        1,
      ],
      [
        2,
        2,
      ],
    ],
    "type": 3,
  },
  {
    "tiles": [
      [
        1,
        0,
      ],
      [
        0,
        1,
      ],
    ],
    "type": 3,
  },
  {
    "tiles": [
      [
        1,
        0,
      ],
      [
        0,
        2,
      ],
    ],
    "type": 3,
  },
  {
    "tiles": [
      [
        1,
        0,
      ],
      [
        1,
        1,
      ],
    ],
    "type": 3,
  },
  {
    "tiles": [
      [
        1,
        0,
      ],
      [
        1,
        2,
      ],
    ],
    "type": 3,
  },
  {
    "tiles": [
      [
        1,
        0,
      ],
      [
        2,
        1,
      ],
    ],
    "type": 3,
  },
  {
    "tiles": [
      [
        1,
        0,
      ],
      [
        2,
        2,
      ],
    ],
    "type": 3,
  },
  {
    "tiles": [
      [
        1,
        1,
      ],
      [
        0,
        2,
      ],
    ],
    "type": 3,
  },
  {
    "tiles": [
      [
        1,
        1,
      ],
      [
        1,
        2,
      ],
    ],
    "type": 3,
  },
  {
    "tiles": [
      [
        1,
        1,
      ],
      [
        2,
        2,
      ],
    ],
    "type": 3,
  },
  {
    "tiles": [
      [
        2,
        0,
      ],
      [
        0,
        1,
      ],
    ],
    "type": 3,
  },
  {
    "tiles": [
      [
        2,
        0,
      ],
      [
        0,
        2,
      ],
    ],
    "type": 3,
  },
  {
    "tiles": [
      [
        2,
        0,
      ],
      [
        1,
        1,
      ],
    ],
    "type": 3,
  },
  {
    "tiles": [
      [
        2,
        0,
      ],
      [
        1,
        2,
      ],
    ],
    "type": 3,
  },
  {
    "tiles": [
      [
        2,
        0,
      ],
      [
        2,
        1,
      ],
    ],
    "type": 3,
  },
  {
    "tiles": [
      [
        2,
        0,
      ],
      [
        2,
        2,
      ],
    ],
    "type": 3,
  },
  {
    "tiles": [
      [
        2,
        1,
      ],
      [
        0,
        2,
      ],
    ],
    "type": 3,
  },
  {
    "tiles": [
      [
        2,
        1,
      ],
      [
        1,
        2,
      ],
    ],
    "type": 3,
  },
  {
    "tiles": [
      [
        2,
        1,
      ],
      [
        2,
        2,
      ],
    ],
    "type": 3,
  },
]
`;

exports[`generate_clues > generates all clues > exact clues 1`] = `
[
  {
    "col": 0,
    "tiles": [
      [
        0,
        0,
      ],
    ],
    "type": 0,
  },
  {
    "col": 1,
    "tiles": [
      [
        0,
        1,
      ],
    ],
    "type": 0,
  },
  {
    "col": 2,
    "tiles": [
      [
        0,
        2,
      ],
    ],
    "type": 0,
  },
  {
    "col": 0,
    "tiles": [
      [
        1,
        0,
      ],
    ],
    "type": 0,
  },
  {
    "col": 1,
    "tiles": [
      [
        1,
        1,
      ],
    ],
    "type": 0,
  },
  {
    "col": 2,
    "tiles": [
      [
        1,
        2,
      ],
    ],
    "type": 0,
  },
  {
    "col": 0,
    "tiles": [
      [
        2,
        0,
      ],
    ],
    "type": 0,
  },
  {
    "col": 1,
    "tiles": [
      [
        2,
        1,
      ],
    ],
    "type": 0,
  },
  {
    "col": 2,
    "tiles": [
      [
        2,
        2,
      ],
    ],
    "type": 0,
  },
]
`;

exports[`generate_clues > generates all clues > same clues 1`] = `
[
  {
    "tiles": [
      [
        0,
        0,
      ],
      [
        1,
        0,
      ],
    ],
    "type": 1,
  },
  {
    "tiles": [
      [
        0,
        0,
      ],
      [
        2,
        0,
      ],
    ],
    "type": 1,
  },
  {
    "tiles": [
      [
        0,
        1,
      ],
      [
        1,
        1,
      ],
    ],
    "type": 1,
  },
  {
    "tiles": [
      [
        0,
        1,
      ],
      [
        2,
        1,
      ],
    ],
    "type": 1,
  },
  {
    "tiles": [
      [
        0,
        2,
      ],
      [
        1,
        2,
      ],
    ],
    "type": 1,
  },
  {
    "tiles": [
      [
        0,
        2,
      ],
      [
        2,
        2,
      ],
    ],
    "type": 1,
  },
  {
    "tiles": [
      [
        1,
        0,
      ],
      [
        2,
        0,
      ],
    ],
    "type": 1,
  },
  {
    "tiles": [
      [
        1,
        1,
      ],
      [
        2,
        1,
      ],
    ],
    "type": 1,
  },
  {
    "tiles": [
      [
        1,
        2,
      ],
      [
        2,
        2,
      ],
    ],
    "type": 1,
  },
]
`;

exports[`generate_clues > generates all clues > sequential clues 1`] = `
[
  {
    "tiles": [
      [
        0,
        0,
      ],
      [
        0,
        1,
      ],
      [
        0,
        2,
      ],
    ],
    "type": 4,
  },
  {
    "tiles": [
      [
        0,
        0,
      ],
      [
        0,
        1,
      ],
      [
        1,
        2,
      ],
    ],
    "type": 4,
  },
  {
    "tiles": [
      [
        0,
        0,
      ],
      [
        0,
        1,
      ],
      [
        2,
        2,
      ],
    ],
    "type": 4,
  },
  {
    "tiles": [
      [
        1,
        0,
      ],
      [
        0,
        1,
      ],
      [
        0,
        2,
      ],
    ],
    "type": 4,
  },
  {
    "tiles": [
      [
        1,
        0,
      ],
      [
        0,
        1,
      ],
      [
        1,
        2,
      ],
    ],
    "type": 4,
  },
  {
    "tiles": [
      [
        1,
        0,
      ],
      [
        0,
        1,
      ],
      [
        2,
        2,
      ],
    ],
    "type": 4,
  },
  {
    "tiles": [
      [
        2,
        0,
      ],
      [
        0,
        1,
      ],
      [
        0,
        2,
      ],
    ],
    "type": 4,
  },
  {
    "tiles": [
      [
        2,
        0,
      ],
      [
        0,
        1,
      ],
      [
        1,
        2,
      ],
    ],
    "type": 4,
  },
  {
    "tiles": [
      [
        2,
        0,
      ],
      [
        0,
        1,
      ],
      [
        2,
        2,
      ],
    ],
    "type": 4,
  },
  {
    "tiles": [
      [
        0,
        0,
      ],
      [
        1,
        1,
      ],
      [
        0,
        2,
      ],
    ],
    "type": 4,
  },
  {
    "tiles": [
      [
        0,
        0,
      ],
      [
        1,
        1,
      ],
      [
        1,
        2,
      ],
    ],
    "type": 4,
  },
  {
    "tiles": [
      [
        0,
        0,
      ],
      [
        1,
        1,
      ],
      [
        2,
        2,
      ],
    ],
    "type": 4,
  },
  {
    "tiles": [
      [
        1,
        0,
      ],
      [
        1,
        1,
      ],
      [
        0,
        2,
      ],
    ],
    "type": 4,
  },
  {
    "tiles": [
      [
        1,
        0,
      ],
      [
        1,
        1,
      ],
      [
        1,
        2,
      ],
    ],
    "type": 4,
  },
  {
    "tiles": [
      [
        1,
        0,
      ],
      [
        1,
        1,
      ],
      [
        2,
        2,
      ],
    ],
    "type": 4,
  },
  {
    "tiles": [
      [
        2,
        0,
      ],
      [
        1,
        1,
      ],
      [
        0,
        2,
      ],
    ],
    "type": 4,
  },
  {
    "tiles": [
      [
        2,
        0,
      ],
      [
        1,
        1,
      ],
      [
        1,
        2,
      ],
    ],
    "type": 4,
  },
  {
    "tiles": [
      [
        2,
        0,
      ],
      [
        1,
        1,
      ],
      [
        2,
        2,
      ],
    ],
    "type": 4,
  },
  {
    "tiles": [
      [
        0,
        0,
      ],
      [
        2,
        1,
      ],
      [
        0,
        2,
      ],
    ],
    "type": 4,
  },
  {
    "tiles": [
      [
        0,
        0,
      ],
      [
        2,
        1,
      ],
      [
        1,
        2,
      ],
    ],
    "type": 4,
  },
  {
    "tiles": [
      [
        0,
        0,
      ],
      [
        2,
        1,
      ],
      [
        2,
        2,
      ],
    ],
    "type": 4,
  },
  {
    "tiles": [
      [
        1,
        0,
      ],
      [
        2,
        1,
      ],
      [
        0,
        2,
      ],
    ],
    "type": 4,
  },
  {
    "tiles": [
      [
        1,
        0,
      ],
      [
        2,
        1,
      ],
      [
        1,
        2,
      ],
    ],
    "type": 4,
  },
  {
    "tiles": [
      [
        1,
        0,
      ],
      [
        2,
        1,
      ],
      [
        2,
        2,
      ],
    ],
    "type": 4,
  },
  {
    "tiles": [
      [
        2,
        0,
      ],
      [
        2,
        1,
      ],
      [
        0,
        2,
      ],
    ],
    "type": 4,
  },
  {
    "tiles": [
      [
        2,
        0,
      ],
      [
        2,
        1,
      ],
      [
        1,
        2,
      ],
    ],
    "type": 4,
  },
  {
    "tiles": [
      [
        2,
        0,
      ],
      [
        2,
        1,
      ],
      [
        2,
        2,
      ],
    ],
    "type": 4,
  },
]
`;
